$ node --test e2e/smoke/environment.test.mjs

node:internal/modules/esm/resolve:272
    throw new ERR_MODULE_NOT_FOUND(
          ^

Error [ERR_MODULE_NOT_FOUND]: Cannot find module '/Users/premkumarmamidi/Development/Fair/implementation/e2e/smoke/environment.mjs' imported from /Users/premkumarmamidi/Development/Fair/implementation/e2e/smoke/environment.test.mjs
    at finalizeResolution (node:internal/modules/esm/resolve:272:11)
    at moduleResolve (node:internal/modules/esm/resolve:879:10)
    at defaultResolve (node:internal/modules/esm/resolve:1006:11)
    at #cachedDefaultResolve (node:internal/modules/esm/loader:705:20)
    at #resolveAndMaybeBlockOnLoaderThread (node:internal/modules/esm/loader:725:38)
    at ModuleLoader.resolveSync (node:internal/modules/esm/loader:763:56)
    at #resolve (node:internal/modules/esm/loader:687:17)
    at ModuleLoader.getOrCreateModuleJob (node:internal/modules/esm/loader:607:35)
    at ModuleJob.syncLink (node:internal/modules/esm/module_job:276:33)
    at ModuleJob.link (node:internal/modules/esm/module_job:381:17) {
  code: 'ERR_MODULE_NOT_FOUND',
  url: 'file:///Users/premkumarmamidi/Development/Fair/implementation/e2e/smoke/environment.mjs'
}

Node.js v24.20.0
✖ e2e/smoke/environment.test.mjs (29.39325ms)
ℹ tests 1
ℹ suites 0
ℹ pass 0
ℹ fail 1
ℹ cancelled 0
ℹ skipped 0
ℹ todo 0
ℹ duration_ms 33.274541

✖ failing tests:

test at e2e/smoke/environment.test.mjs:1:1
✖ e2e/smoke/environment.test.mjs (29.39325ms)
  'test failed'
exit=1
