=== B acceptance: three gate commands with report hashes before/after ===
$ shasum -a 256 docs/ENATEGA_COMPATIBILITY_REPORT*.json   # BEFORE
11819108d017f5c41a8cda0a9cf9c312f78dfaeb4e2dab4e4bc2facad90dddcb  docs/ENATEGA_COMPATIBILITY_REPORT.full.json
2751c5a40112923558b5ff5cd39543241ee85dc004291c33964bddaf75c282f1  docs/ENATEGA_COMPATIBILITY_REPORT.json
5d13a2934239cd3cb032c21669324599e08591587198f979e2154b52c6701ee1  docs/ENATEGA_COMPATIBILITY_REPORT.singlevendor.json

$ ./tools/pnpm.sh check:enatega

> fairbite-fresh-workspace@ check:enatega /Users/premkumarmamidi/Development/Fair/implementation
> node tools/check-enatega-compatibility.mjs vendor/enatega-ui contracts docs/ENATEGA_COMPATIBILITY_REPORT.json --check --scope multivendor

{"status":"PASS","apps":5,"documents":531,"validDocuments":531,"unresolvedDocuments":0,"outOfScopeDocuments":0,"missingRoots":0}
exit=0

$ ./tools/pnpm.sh check:enatega:full

> fairbite-fresh-workspace@ check:enatega:full /Users/premkumarmamidi/Development/Fair/implementation
> node tools/check-enatega-compatibility.mjs vendor/enatega-ui contracts docs/ENATEGA_COMPATIBILITY_REPORT.full.json --check

{"status":"PASS","apps":6,"documents":845,"validDocuments":845,"unresolvedDocuments":0,"outOfScopeDocuments":0,"missingRoots":0}
exit=0

$ ./tools/pnpm.sh check:enatega:singlevendor

> fairbite-fresh-workspace@ check:enatega:singlevendor /Users/premkumarmamidi/Development/Fair/implementation
> node tools/check-enatega-compatibility.mjs vendor/enatega-ui contracts docs/ENATEGA_COMPATIBILITY_REPORT.singlevendor.json --check --scope singlevendor

{"status":"PASS","apps":3,"documents":314,"validDocuments":314,"unresolvedDocuments":0,"outOfScopeDocuments":0,"missingRoots":0}
exit=0

$ shasum -a 256 docs/ENATEGA_COMPATIBILITY_REPORT*.json   # AFTER
11819108d017f5c41a8cda0a9cf9c312f78dfaeb4e2dab4e4bc2facad90dddcb  docs/ENATEGA_COMPATIBILITY_REPORT.full.json
2751c5a40112923558b5ff5cd39543241ee85dc004291c33964bddaf75c282f1  docs/ENATEGA_COMPATIBILITY_REPORT.json
5d13a2934239cd3cb032c21669324599e08591587198f979e2154b52c6701ee1  docs/ENATEGA_COMPATIBILITY_REPORT.singlevendor.json

$ git status --short -- docs/ENATEGA_COMPATIBILITY_REPORT.json docs/ENATEGA_COMPATIBILITY_REPORT.full.json docs/ENATEGA_COMPATIBILITY_REPORT.singlevendor.json
(empty above = unmodified)
