=== A/B control: tools/generate-roadmap-status.test.mjs (T-026C pre-existing-failure claim) ===
A baseline = current syntax-tree implementation, sha256 0cb1b01e9888b5f998c172eb7098e3c8982893d93fbb84a37e4ac62a962b7b45

--- A: current (AST) implementation ---
docs/ROADMAP_STATUS.md is stale; regenerate with node tools/generate-roadmap-status.mjs
✖ roadmap status is current and internally consistent (199.723667ms)
✔ the roadmap plan is machine-valid (0.3695ms)
✔ every lane with operations is owned, and every capability is mapped (41.478083ms)
✔ retired lane identifiers are redirected, not silently dropped (0.335541ms)
✖ status reports only derived facts and never claims an unapproved gate (17.133875ms)
✔ unscheduled gaps stay visible in both the plan and the status (0.325625ms)
✔ the task board exists and carries the claim protocol (0.1015ms)
ℹ tests 7
ℹ suites 0
ℹ pass 5
ℹ fail 2
ℹ cancelled 0
ℹ skipped 0
ℹ todo 0
ℹ duration_ms 388.218417

✖ failing tests:

test at tools/generate-roadmap-status.test.mjs:15:1
✖ roadmap status is current and internally consistent (199.723667ms)
  Error: Command failed: /Users/premkumarmamidi/.local/nodejs/bin/node tools/generate-roadmap-status.mjs --check
  docs/ROADMAP_STATUS.md is stale; regenerate with node tools/generate-roadmap-status.mjs
  
      at genericNodeError (node:internal/errors:986:15)
      at wrappedFn (node:internal/errors:540:14)
      at checkExecSyncError (node:child_process:942:11)
      at execFileSync (node:child_process:978:15)
      at TestContext.<anonymous> (file:///Users/premkumarmamidi/Development/Fair/implementation/tools/generate-roadmap-status.test.mjs:16:3)
      at Test.runInAsyncScope (node:async_hooks:227:14)
      at Test.run (node:internal/test_runner/test:1397:25)
      at Test.start (node:internal/test_runner/test:1257:17)
      at startSubtestAfterBootstrap (node:internal/test_runner/harness:387:17) {
    status: 1,
    signal: null,
    output: [ null, <Buffer >, <Buffer 64 6f 63 73 2f 52 4f 41 44 4d 41 50 5f 53 54 41 54 55 53 2e 6d 64 20 69 73 20 73 74 61 6c 65 3b 20 72 65 67 65 6e 65 72 61 74 65 20 77 69 74 68 20 6e ... 38 more bytes> ],
    pid: 29568,
    stdout: <Buffer >,
    stderr: <Buffer 64 6f 63 73 2f 52 4f 41 44 4d 41 50 5f 53 54 41 54 55 53 2e 6d 64 20 69 73 20 73 74 61 6c 65 3b 20 72 65 67 65 6e 65 72 61 74 65 20 77 69 74 68 20 6e ... 38 more bytes>
  }

test at tools/generate-roadmap-status.test.mjs:106:1
✖ status reports only derived facts and never claims an unapproved gate (17.133875ms)
  AssertionError [ERR_ASSERTION]: The input did not match the regular expression /\*\*23\/334\*\* root operations/. Input:
  
  '# Roadmap status — generated\n' +
    '\n' +
    '<!-- Generated by tools/generate-roadmap-status.mjs. Do not edit by hand. -->\n' +
    '\n' +
    'Regenerate with `pnpm roadmap`; `pnpm roadmap:check` fails if this file is stale.\n' +
    'Plan and intent live in [`ROADMAP.md`](./ROADMAP.md); this file is only what the\n' +
    'repository can prove.\n' +
    '\n' +
    '## Headline\n' +
    '\n' +
    '- **22/334** root operations have a real resolver\n' +
    '  (159 queries, 164 mutations, 11 subscriptions in scope).\n' +
    '- **0/334** operations have recorded evidence in `OPERATION_TEST_EVIDENCE.json`.\n' +
    '- **0** roots have no SDL declaration.\n' +
    '- Scoped multivendor compatibility: **PASS**\n' +
    '  (531/531 documents valid).\n' +
    '- Full six-app compatibility: **PASS**\n' +
    '  (845/845 valid, 0 invalid, 0 unresolved).\n' +
    '- Gates with an independent approval recorded: **3/7**.\n' +
    '\n' +
    '## Gates\n' +
    '\n' +
    '| Gate  | Last run        | Finished                 | Commit         | Approvals                       |\n' +
    '| ----- | --------------- | ------------------------ | -------------- | ------------------------------- |\n' +
    '| `GP0` | commands passed | 2026-10-09T17:23:06.917Z | `08a702b86aed` | lead, reviewer-QA, reviewer-SEC |\n' +
    '| `G0`  | commands passed | 2026-10-10T12:07:42.353Z | `76d8fd2e9853` | lead, reviewer-QA               |\n' +
    '| `G1`  | commands passed | 2026-10-10T12:22:50.370Z | `3c1afc290a00` | lead, reviewer-SEC              |\n' +
    '| `G2`  | never run       | —                        | —              | **none** of 2 required          |\n' +
    '| `G3`  | never run       | —                        | —              | **none** of 2 required          |\n' +
    '| `G4`  | never run       | —                        | —              | **none** of 3 required          |\n' +
    '| `G5`  | never run       | —                        | —              | **none** of 3 required          |\n' +
    '\n' +
    'A gate is closed only when its commands passed **and** every reviewer role it\n' +
    'declares in `ROADMAP.json` is recorded. "commands passed" with no approval does\n' +
    'not close a batch, and a partial set of signatures does not either. Record one\n' +
    'with `pnpm approve-gate --gate <id> --role <role> --reviewer <identity>`; it\n' +
    'refuses self-approval and refuses a failing or dirty-tree run.\n' +
    '\n' +
    '## Workstreams\n' +
    '\n' +
    '| ID     | Workstream                                                             | Lanes | State             | Measured                         | Dependencies                    |\n' +
    '| ------ | ---------------------------------------------------------------------- | ----- | ----------------- | -------------------------------- | ------------------------------- |\n' +
    '| `W0`   | Baseline repair and gate instrumentation                               | —     | **APPROVED**      | GP0 approved                     | —                               |\n' +
    '| `W1`   | Kernel and transport completion                                        | L0    | RESOLVERS_ONLY    | 1/1 resolvers · 0/1 evidenced    | —                               |\n' +
    '| `W2`   | Contract and data-model freeze                                         | —     | **APPROVED**      | G1 approved                      | —                               |\n' +
    '| `W3`   | Identity, roles, staff scopes, MFA, recovery, OTP/social               | L1    | IN_PROGRESS       | 12/30 resolvers · 0/30 evidenced | —                               |\n' +
    '| `W4`   | Platform configuration, maps and media REST                            | L2    | IN_PROGRESS       | 2/54 resolvers · 0/54 evidenced  | —                               |\n' +
    '| `W5a`  | Vendors, outlets, onboarding, publication, hours, media                | L3    | IN_PROGRESS       | 2/75 resolvers · 0/75 evidenced  | —                               |\n' +
    '| `W6`   | Customers, addresses, favourites, support, privacy                     | L4    | IN_PROGRESS       | 5/22 resolvers · 0/22 evidenced  | waiting on W3                   |\n' +
    '| `W5b`  | Catalog items, variations, addons, discovery, search, reviews, coupons | L3    | IN_PROGRESS       | 2/75 resolvers · 0/75 evidenced  | waiting on W3                   |\n' +
    '| `W7`   | Cart, quotes, pricing policy versions, immutable orders, lifecycle     | L5    | NOT_STARTED       | 0/24 resolvers · 0/24 evidenced  | waiting on W6                   |\n' +
    '| `W12`  | Customer web integration                                               | —     | NO_MACHINE_SIGNAL | no recorded gate run             | waiting on W3, W4, W6           |\n' +
    '| `W13`  | Admin web and single-vendor admin integration                          | —     | NO_MACHINE_SIGNAL | no recorded gate run             | waiting on W3, W4, W5a          |\n' +
    '| `W8`   | Dispatch, own fleet, rider state, tracking, chat, realtime             | L6    | NOT_STARTED       | 0/32 resolvers · 0/32 evidenced  | waiting on W7                   |\n' +
    '| `W9`   | Payments, Stripe REST, ledger, refunds, payables, settlements          | L7    | NOT_STARTED       | 0/11 resolvers · 0/11 evidenced  | waiting on W7                   |\n' +
    '| `W14a` | Customer mobile integration (Expo)                                     | —     | NO_MACHINE_SIGNAL | no recorded gate run             | waiting on W3, W6               |\n' +
    '| `W14b` | Store mobile and rider mobile integration                              | —     | NO_MACHINE_SIGNAL | no recorded gate run             | waiting on W3, W5a, W8          |\n' +
    '| `W10`  | Notifications, push/email/SMS ports, worker jobs, chat media           | L8    | NOT_STARTED       | 0/5 resolvers · 0/5 evidenced    | waiting on W8                   |\n' +
    '| `W11`  | Dashboards, reports, analytics                                         | L9    | NOT_STARTED       | 0/9 resolvers · 0/9 evidenced    | waiting on W9, W7               |\n' +
    '| `W15`  | Cross-lane journey suites replaying exact app documents                | —     | NO_MACHINE_SIGNAL | no recorded gate run             | waiting on W7, W8, W9, W10, W11 |\n' +
    '| `W26`  | Server-side localization                                               | —     | NO_MACHINE_SIGNAL | no recorded gate run             | waiting on W4, W10              |\n' +
    '| `W16`  | Playwright web E2E against the real stack                              | —     | NO_MACHINE_SIGNAL | no recorded gate run             | waiting on W12, W13, W15        |\n' +
    '| `W17`  | Coverage closure                                                       | —     | NO_MACHINE_SIGNAL | no recorded gate run             | waiting on W15, W16             |\n' +
    '| `W18`  | Provider adapters and sandbox evidence                                 | —     | NO_MACHINE_SIGNAL | no recorded gate run             | waiting on W9, W10              |\n' +
    '| `W19`  | Native device E2E for the three mobile apps                            | —     | NO_MACHINE_SIGNAL | no recorded gate run             | waiting on W14a, W14b           |\n' +
    '| `W20`  | Hardening: security, advisories, load, restore, observability          | —     | NO_MACHINE_SIGNAL | no recorded gate run             | waiting on W17                  |\n' +
    '| `W21`  | Single-vendor mode including its SDL, resolvers and admin app          | L12   | NOT_STARTED       | 0/71 resolvers · 0/71 evidenced  | waiting on W16                  |\n' +
    '| `W22`  | Release package and owner acceptance run                               | —     | NO_MACHINE_SIGNAL | no recorded gate run             | waiting on W18, W19, W20, W21   |\n' +
    '| `W23`  | Independent QA review                                                  | —     | CONTINUOUS        | ongoing                          | —                               |\n' +
    '| `W24`  | Independent security and architecture review                           | —     | CONTINUOUS        | ongoing                          | —                               |\n' +
    '| `W25`  | Documentation and traceability upkeep                                  | —     | CONTINUOUS        | ongoing                          | —                               |\n' +
    '\n' +
    'State meanings: `NOT_STARTED` no resolver in its lanes · `IN_PROGRESS` some\n' +
    'resolvers · `RESOLVERS_ONLY` every operation resolves but evidence is missing ·\n' +
    '`EVIDENCED_UNAPPROVED` evidence complete, reviewer missing · `APPROVED` gate\n' +
    'passed and approved · `NO_MACHINE_SIGNAL` nothing measurable until its gate runs.\n' +
    '\n' +
    'Where two workstreams split one lane (W5a and W5b both work in L3), each shows the\n' +
    "whole lane's figures: the inventory records a lane per operation, not a workstream.\n" +
    '\n' +
    '## Next\n' +
    '\n' +
    '- `W1` — Kernel and transport completion\n' +
    '- `W3` — Identity, roles, staff scopes, MFA, recovery, OTP/social\n' +
    '- `W4` — Platform configuration, maps and media REST\n' +
    '- `W5a` — Vendors, outlets, onboarding, publication, hours, media\n' +
    '\n' +
    '## Proceeding at risk\n' +
    '\n' +
    'These have started while a dependency gate is unapproved. That is allowed only as a\n' +
    'deliberate, recorded choice — it is listed here so it is never silent.\n' +
    '\n' +
    '- `W6` — Customers, addresses, favourites, support, privacy (waiting on W3)\n' +
    '- `W5b` — Catalog items, variations, addons, discovery, search, reviews, coupons (waiting on W3)\n' +
    '\n' +
    '## Blocked on external input\n' +
    '\n' +
    '- `W18` — Provider adapters and sandbox evidence: provider-credentials\n' +
    '- `W19` — Native device E2E for the three mobile apps: devices, signing-accounts\n' +
    '- `W20` — Hardening: security, advisories, load, restore, observability: slo-hosting-inputs\n' +
    '- `W21` — Single-vendor mode including its SDL, resolvers and admin app: owner-decision-D1\n' +
    '- `W22` — Release package and owner acceptance run: owner-approval\n' +
    '\n' +
    '## Lanes\n' +
    '\n' +
    '| Lane  | Name                           | Operations | Resolvers | Evidenced |\n' +
    '| ----- | ------------------------------ | ---------- | --------- | --------- |\n' +
    '| `L0`  | Platform kernel                | 1          | 1         | 0         |\n' +
    '| `L1`  | Identity & sessions            | 30         | 12        | 0         |\n' +
    '| `L2`  | Platform configuration         | 54         | 2         | 0         |\n' +
    '| `L3`  | Vendors, catalog & discovery   | 75         | 2         | 0         |\n' +
    '| `L4`  | Customers, addresses & support | 22         | 5         | 0         |\n' +
    '| `L5`  | Orders, pricing & lifecycle    | 24         | 0         | 0         |\n' +
    '| `L6`  | Dispatch, riders & tracking    | 32         | 0         | 0         |\n' +
    '| `L7`  | Finance & payments             |'... 2313 more characters
  
      at TestContext.<anonymous> (file:///Users/premkumarmamidi/Development/Fair/implementation/tools/generate-roadmap-status.test.mjs:109:10)
      at Test.runInAsyncScope (node:async_hooks:227:14)
      at Test.run (node:internal/test_runner/test:1397:25)
      at Test.processPendingSubtests (node:internal/test_runner/test:969:18)
      at Test.postRun (node:internal/test_runner/test:1537:19)
      at Test.run (node:internal/test_runner/test:1462:12)
      at async Test.processPendingSubtests (node:internal/test_runner/test:969:7) {
    generatedMessage: true,
    code: 'ERR_ASSERTION',
    actual: '# Roadmap status — generated\n\n<!-- Generated by tools/generate-roadmap-status.mjs. Do not edit by hand. -->\n\nRegenerate with `pnpm roadmap`; `pnpm roadmap:check` fails if this file is stale.\nPlan and intent live in [`ROADMAP.md`](./ROADMAP.md); this file is only what the\nrepository can prove.\n\n## Headline\n\n- **22/334** root operations have a real resolver\n  (159 queries, 164 mutations, 11 subscriptions in scope).\n- **0/334** operations have recorded evidence in `OPERATION_TEST_EVIDENCE.json`.\n- **0** roots have no SDL declaration.\n- Scoped multivendor compatibility: **PASS**\n  (531/531 documents valid).\n- Full six-app compatibility: **PASS**\n  (845/845 valid, 0 invalid, 0 unresolved).\n- Gates with an independent approval recorded: **3/7**.\n\n## Gates\n\n| Gate  | Last run        | Finished                 | Commit         | Approvals                       |\n| ----- | --------------- | ------------------------ | -------------- | ------------------------------- |\n| `GP0` | commands passed | 2026-10-09T17:23:06.917Z | `08a702b86aed` | lead, reviewer-QA, reviewer-SEC |\n| `G0`  | commands passed | 2026-10-10T12:07:42.353Z | `76d8fd2e9853` | lead, reviewer-QA               |\n| `G1`  | commands passed | 2026-10-10T12:22:50.370Z | `3c1afc290a00` | lead, reviewer-SEC              |\n| `G2`  | never run       | —                        | —              | **none** of 2 required          |\n| `G3`  | never run       | —                        | —              | **none** of 2 required          |\n| `G4`  | never run       | —                        | —              | **none** of 3 required          |\n| `G5`  | never run       | —                        | —              | **none** of 3 required          |\n\nA gate is closed only when its commands passed **and** every reviewer role it\ndeclares in `ROADMAP.json` is recorded. "commands passed" with no approval does\nnot close a batch, and a partial set of signatures does not either. Record one\nwith `pnpm approve-gate --gate <id> --role <role> --reviewer <identity>`; it\nrefuses self-approval and refuses a failing or dirty-tree run.\n\n## Workstreams\n\n| ID     | Workstream                                                             | Lanes | State             | Measured                         | Dependencies                    |\n| ------ | ---------------------------------------------------------------------- | ----- | ----------------- | -------------------------------- | ------------------------------- |\n| `W0`   | Baseline repair and gate instrumentation                               | —     | **APPROVED**      | GP0 approved                     | —                               |\n| `W1`   | Kernel and transport completion                                        | L0    | RESOLVERS_ONLY    | 1/1 resolvers · 0/1 evidenced    | —                               |\n| `W2`   | Contract and data-model freeze                                         | —     | **APPROVED**      | G1 approved                      | —                               |\n| `W3`   | Identity, roles, staff scopes, MFA, recovery, OTP/social               | L1    | IN_PROGRESS       | 12/30 resolvers · 0/30 evidenced | —                               |\n| `W4`   | Platform configuration, maps and media REST                            | L2    | IN_PROGRESS       | 2/54 resolvers · 0/54 evidenced  | —                               |\n| `W5a`  | Vendors, outlets, onboarding, publication, hours, media                | L3    | IN_PROGRESS       | 2/75 resolvers · 0/75 evidenced  | —                               |\n| `W6`   | Customers, addresses, favourites, support, privacy                     | L4    | IN_PROGRESS       | 5/22 resolvers · 0/22 evidenced  | waiting on W3                   |\n| `W5b`  | Catalog items, variations, addons, discovery, search, reviews, coupons | L3    | IN_PROGRESS       | 2/75 resolvers · 0/75 evidenced  | waiting on W3                   |\n| `W7`   | Cart, quotes, pricing policy versions, immutable orders, lifecycle     | L5    | NOT_STARTED       | 0/24 resolvers · 0/24 evidenced  | waiting on W6                   |\n| `W12`  | Customer web integration                                               | —     | NO_MACHINE_SIGNAL | no recorded gate run             | waiting on W3, W4, W6           |\n| `W13`  | Admin web and single-vendor admin integration                          | —     | NO_MACHINE_SIGNAL | no recorded gate run             | waiting on W3, W4, W5a          |\n| `W8`   | Dispatch, own fleet, rider state, tracking, chat, realtime             | L6    | NOT_STARTED       | 0/32 resolvers · 0/32 evidenced  | waiting on W7                   |\n| `W9`   | Payments, Stripe REST, ledger, refunds, payables, settlements          | L7    | NOT_STARTED       | 0/11 resolvers · 0/11 evidenced  | waiting on W7                   |\n| `W14a` | Customer mobile integration (Expo)                                     | —     | NO_MACHINE_SIGNAL | no recorded gate run             | waiting on W3, W6               |\n| `W14b` | Store mobile and rider mobile integration                              | —     | NO_MACHINE_SIGNAL | no recorded gate run             | waiting on W3, W5a, W8          |\n| `W10`  | Notifications, push/email/SMS ports, worker jobs, chat media           | L8    | NOT_STARTED       | 0/5 resolvers · 0/5 evidenced    | waiting on W8                   |\n| `W11`  | Dashboards, reports, analytics                                         | L9    | NOT_STARTED       | 0/9 resolvers · 0/9 evidenced    | waiting on W9, W7               |\n| `W15`  | Cross-lane journey suites replaying exact app documents                | —     | NO_MACHINE_SIGNAL | no recorded gate run             | waiting on W7, W8, W9, W10, W11 |\n| `W26`  | Server-side localization                                               | —     | NO_MACHINE_SIGNAL | no recorded gate run             | waiting on W4, W10              |\n| `W16`  | Playwright web E2E against the real stack                              | —     | NO_MACHINE_SIGNAL | no recorded gate run             | waiting on W12, W13, W15        |\n| `W17`  | Coverage closure                                                       | —     | NO_MACHINE_SIGNAL | no recorded gate run             | waiting on W15, W16             |\n| `W18`  | Provider adapters and sandbox evidence                                 | —     | NO_MACHINE_SIGNAL | no recorded gate run             | waiting on W9, W10              |\n| `W19`  | Native device E2E for the three mobile apps                            | —     | NO_MACHINE_SIGNAL | no recorded gate run             | waiting on W14a, W14b           |\n| `W20`  | Hardening: security, advisories, load, restore, observability          | —     | NO_MACHINE_SIGNAL | no recorded gate run             | waiting on W17                  |\n| `W21`  | Single-vendor mode including its SDL, resolvers and admin app          | L12   | NOT_STARTED       | 0/71 resolvers · 0/71 evidenced  | waiting on W16                  |\n| `W22`  | Release package and owner acceptance run                               | —     | NO_MACHINE_SIGNAL | no recorded gate run             | waiting on W18, W19, W20, W21   |\n| `W23`  | Independent QA review                                                  | —     | CONTINUOUS        | ongoing                          | —                               |\n| `W24`  | Independent security and architecture review                           | —     | CONTINUOUS        | ongoing                          | —                               |\n| `W25`  | Documentation and traceability upkeep                                  | —     | CONTINUOUS        | ongoing                          | —                               |\n\nState meanings: `NOT_STARTED` no resolver in its lanes · `IN_PROGRESS` some\nresolvers · `RESOLVERS_ONLY` every operation resolves but evidence is missing ·\n`EVIDENCED_UNAPPROVED` evidence complete, reviewer missing · `APPROVED` gate\npassed and approved · `NO_MACHINE_SIGNAL` nothing measurable until its gate runs.\n\nWhere two workstreams split one lane (W5a and W5b both work in L3), each shows the\nwhole lane\'s figures: the inventory records a lane per operation, not a workstream.\n\n## Next\n\n- `W1` — Kernel and transport completion\n- `W3` — Identity, roles, staff scopes, MFA, recovery, OTP/social\n- `W4` — Platform configuration, maps and media REST\n- `W5a` — Vendors, outlets, onboarding, publication, hours, media\n\n## Proceeding at risk\n\nThese have started while a dependency gate is unapproved. That is allowed only as a\ndeliberate, recorded choice — it is listed here so it is never silent.\n\n- `W6` — Customers, addresses, favourites, support, privacy (waiting on W3)\n- `W5b` — Catalog items, variations, addons, discovery, search, reviews, coupons (waiting on W3)\n\n## Blocked on external input\n\n- `W18` — Provider adapters and sandbox evidence: provider-credentials\n- `W19` — Native device E2E for the three mobile apps: devices, signing-accounts\n- `W20` — Hardening: security, advisories, load, restore, observability: slo-hosting-inputs\n- `W21` — Single-vendor mode including its SDL, resolvers and admin app: owner-decision-D1\n- `W22` — Release package and owner acceptance run: owner-approval\n\n## Lanes\n\n| Lane  | Name                           | Operations | Resolvers | Evidenced |\n| ----- | ------------------------------ | ---------- | --------- | --------- |\n| `L0`  | Platform kernel                | 1          | 1         | 0         |\n| `L1`  | Identity & sessions            | 30         | 12        | 0         |\n| `L2`  | Platform configuration         | 54         | 2         | 0         |\n| `L3`  | Vendors, catalog & discovery   | 75         | 2         | 0         |\n| `L4`  | Customers, addresses & support | 22         | 5         | 0         |\n| `L5`  | Orders, pricing & lifecycle    | 24         | 0         | 0         |\n| `L6`  | Dispatch, riders & tracking    | 32         | 0         | 0         |\n| `L7`  | Finance & payments             |'... 2313 more characters,
    expected: /\*\*23\/334\*\* root operations/,
    operator: 'match',
    diff: 'simple'
  }
A_exit=1

--- B: pre-T-026C parent 2bbddc4^ (regex) implementation, sha256 bf9505c61992405bac1dc90ed35a2148f73238be7c4e0c21e77c8da9ee96dfce ---
docs/ROADMAP_STATUS.md is stale; regenerate with node tools/generate-roadmap-status.mjs
✖ roadmap status is current and internally consistent (75.444667ms)
✔ the roadmap plan is machine-valid (0.350042ms)
✔ every lane with operations is owned, and every capability is mapped (9.549875ms)
✔ retired lane identifiers are redirected, not silently dropped (0.310833ms)
✖ status reports only derived facts and never claims an unapproved gate (4.273417ms)
✔ unscheduled gaps stay visible in both the plan and the status (0.326375ms)
✔ the task board exists and carries the claim protocol (0.082291ms)
ℹ tests 7
ℹ suites 0
ℹ pass 5
ℹ fail 2
ℹ cancelled 0
ℹ skipped 0
ℹ todo 0
ℹ duration_ms 123.659292

✖ failing tests:

test at tools/generate-roadmap-status.test.mjs:15:1
✖ roadmap status is current and internally consistent (75.444667ms)
  Error: Command failed: /Users/premkumarmamidi/.local/nodejs/bin/node tools/generate-roadmap-status.mjs --check
  docs/ROADMAP_STATUS.md is stale; regenerate with node tools/generate-roadmap-status.mjs
  
      at genericNodeError (node:internal/errors:986:15)
      at wrappedFn (node:internal/errors:540:14)
      at checkExecSyncError (node:child_process:942:11)
      at execFileSync (node:child_process:978:15)
      at TestContext.<anonymous> (file:///Users/premkumarmamidi/Development/Fair/implementation/tools/generate-roadmap-status.test.mjs:16:3)
      at Test.runInAsyncScope (node:async_hooks:227:14)
      at Test.run (node:internal/test_runner/test:1397:25)
      at Test.start (node:internal/test_runner/test:1257:17)
      at startSubtestAfterBootstrap (node:internal/test_runner/harness:387:17) {
    status: 1,
    signal: null,
    output: [ null, <Buffer >, <Buffer 64 6f 63 73 2f 52 4f 41 44 4d 41 50 5f 53 54 41 54 55 53 2e 6d 64 20 69 73 20 73 74 61 6c 65 3b 20 72 65 67 65 6e 65 72 61 74 65 20 77 69 74 68 20 6e ... 38 more bytes> ],
    pid: 29575,
    stdout: <Buffer >,
    stderr: <Buffer 64 6f 63 73 2f 52 4f 41 44 4d 41 50 5f 53 54 41 54 55 53 2e 6d 64 20 69 73 20 73 74 61 6c 65 3b 20 72 65 67 65 6e 65 72 61 74 65 20 77 69 74 68 20 6e ... 38 more bytes>
  }

test at tools/generate-roadmap-status.test.mjs:106:1
✖ status reports only derived facts and never claims an unapproved gate (4.273417ms)
  AssertionError [ERR_ASSERTION]: The input did not match the regular expression /\*\*23\/334\*\* root operations/. Input:
  
  '# Roadmap status — generated\n' +
    '\n' +
    '<!-- Generated by tools/generate-roadmap-status.mjs. Do not edit by hand. -->\n' +
    '\n' +
    'Regenerate with `pnpm roadmap`; `pnpm roadmap:check` fails if this file is stale.\n' +
    'Plan and intent live in [`ROADMAP.md`](./ROADMAP.md); this file is only what the\n' +
    'repository can prove.\n' +
    '\n' +
    '## Headline\n' +
    '\n' +
    '- **22/334** root operations have a real resolver\n' +
    '  (159 queries, 164 mutations, 11 subscriptions in scope).\n' +
    '- **0/334** operations have recorded evidence in `OPERATION_TEST_EVIDENCE.json`.\n' +
    '- **0** roots have no SDL declaration.\n' +
    '- Scoped multivendor compatibility: **PASS**\n' +
    '  (531/531 documents valid).\n' +
    '- Full six-app compatibility: **PASS**\n' +
    '  (845/845 valid, 0 invalid, 0 unresolved).\n' +
    '- Gates with an independent approval recorded: **3/7**.\n' +
    '\n' +
    '## Gates\n' +
    '\n' +
    '| Gate  | Last run        | Finished                 | Commit         | Approvals                       |\n' +
    '| ----- | --------------- | ------------------------ | -------------- | ------------------------------- |\n' +
    '| `GP0` | commands passed | 2026-10-09T17:23:06.917Z | `08a702b86aed` | lead, reviewer-QA, reviewer-SEC |\n' +
    '| `G0`  | commands passed | 2026-10-10T12:07:42.353Z | `76d8fd2e9853` | lead, reviewer-QA               |\n' +
    '| `G1`  | commands passed | 2026-10-10T12:22:50.370Z | `3c1afc290a00` | lead, reviewer-SEC              |\n' +
    '| `G2`  | never run       | —                        | —              | **none** of 2 required          |\n' +
    '| `G3`  | never run       | —                        | —              | **none** of 2 required          |\n' +
    '| `G4`  | never run       | —                        | —              | **none** of 3 required          |\n' +
    '| `G5`  | never run       | —                        | —              | **none** of 3 required          |\n' +
    '\n' +
    'A gate is closed only when its commands passed **and** every reviewer role it\n' +
    'declares in `ROADMAP.json` is recorded. "commands passed" with no approval does\n' +
    'not close a batch, and a partial set of signatures does not either. Record one\n' +
    'with `pnpm approve-gate --gate <id> --role <role> --reviewer <identity>`; it\n' +
    'refuses self-approval and refuses a failing or dirty-tree run.\n' +
    '\n' +
    '## Workstreams\n' +
    '\n' +
    '| ID     | Workstream                                                             | Lanes | State             | Measured                         | Dependencies                    |\n' +
    '| ------ | ---------------------------------------------------------------------- | ----- | ----------------- | -------------------------------- | ------------------------------- |\n' +
    '| `W0`   | Baseline repair and gate instrumentation                               | —     | **APPROVED**      | GP0 approved                     | —                               |\n' +
    '| `W1`   | Kernel and transport completion                                        | L0    | RESOLVERS_ONLY    | 1/1 resolvers · 0/1 evidenced    | —                               |\n' +
    '| `W2`   | Contract and data-model freeze                                         | —     | **APPROVED**      | G1 approved                      | —                               |\n' +
    '| `W3`   | Identity, roles, staff scopes, MFA, recovery, OTP/social               | L1    | IN_PROGRESS       | 12/30 resolvers · 0/30 evidenced | —                               |\n' +
    '| `W4`   | Platform configuration, maps and media REST                            | L2    | IN_PROGRESS       | 2/54 resolvers · 0/54 evidenced  | —                               |\n' +
    '| `W5a`  | Vendors, outlets, onboarding, publication, hours, media                | L3    | IN_PROGRESS       | 2/75 resolvers · 0/75 evidenced  | —                               |\n' +
    '| `W6`   | Customers, addresses, favourites, support, privacy                     | L4    | IN_PROGRESS       | 5/22 resolvers · 0/22 evidenced  | waiting on W3                   |\n' +
    '| `W5b`  | Catalog items, variations, addons, discovery, search, reviews, coupons | L3    | IN_PROGRESS       | 2/75 resolvers · 0/75 evidenced  | waiting on W3                   |\n' +
    '| `W7`   | Cart, quotes, pricing policy versions, immutable orders, lifecycle     | L5    | NOT_STARTED       | 0/24 resolvers · 0/24 evidenced  | waiting on W6                   |\n' +
    '| `W12`  | Customer web integration                                               | —     | NO_MACHINE_SIGNAL | no recorded gate run             | waiting on W3, W4, W6           |\n' +
    '| `W13`  | Admin web and single-vendor admin integration                          | —     | NO_MACHINE_SIGNAL | no recorded gate run             | waiting on W3, W4, W5a          |\n' +
    '| `W8`   | Dispatch, own fleet, rider state, tracking, chat, realtime             | L6    | NOT_STARTED       | 0/32 resolvers · 0/32 evidenced  | waiting on W7                   |\n' +
    '| `W9`   | Payments, Stripe REST, ledger, refunds, payables, settlements          | L7    | NOT_STARTED       | 0/11 resolvers · 0/11 evidenced  | waiting on W7                   |\n' +
    '| `W14a` | Customer mobile integration (Expo)                                     | —     | NO_MACHINE_SIGNAL | no recorded gate run             | waiting on W3, W6               |\n' +
    '| `W14b` | Store mobile and rider mobile integration                              | —     | NO_MACHINE_SIGNAL | no recorded gate run             | waiting on W3, W5a, W8          |\n' +
    '| `W10`  | Notifications, push/email/SMS ports, worker jobs, chat media           | L8    | NOT_STARTED       | 0/5 resolvers · 0/5 evidenced    | waiting on W8                   |\n' +
    '| `W11`  | Dashboards, reports, analytics                                         | L9    | NOT_STARTED       | 0/9 resolvers · 0/9 evidenced    | waiting on W9, W7               |\n' +
    '| `W15`  | Cross-lane journey suites replaying exact app documents                | —     | NO_MACHINE_SIGNAL | no recorded gate run             | waiting on W7, W8, W9, W10, W11 |\n' +
    '| `W26`  | Server-side localization                                               | —     | NO_MACHINE_SIGNAL | no recorded gate run             | waiting on W4, W10              |\n' +
    '| `W16`  | Playwright web E2E against the real stack                              | —     | NO_MACHINE_SIGNAL | no recorded gate run             | waiting on W12, W13, W15        |\n' +
    '| `W17`  | Coverage closure                                                       | —     | NO_MACHINE_SIGNAL | no recorded gate run             | waiting on W15, W16             |\n' +
    '| `W18`  | Provider adapters and sandbox evidence                                 | —     | NO_MACHINE_SIGNAL | no recorded gate run             | waiting on W9, W10              |\n' +
    '| `W19`  | Native device E2E for the three mobile apps                            | —     | NO_MACHINE_SIGNAL | no recorded gate run             | waiting on W14a, W14b           |\n' +
    '| `W20`  | Hardening: security, advisories, load, restore, observability          | —     | NO_MACHINE_SIGNAL | no recorded gate run             | waiting on W17                  |\n' +
    '| `W21`  | Single-vendor mode including its SDL, resolvers and admin app          | L12   | NOT_STARTED       | 0/71 resolvers · 0/71 evidenced  | waiting on W16                  |\n' +
    '| `W22`  | Release package and owner acceptance run                               | —     | NO_MACHINE_SIGNAL | no recorded gate run             | waiting on W18, W19, W20, W21   |\n' +
    '| `W23`  | Independent QA review                                                  | —     | CONTINUOUS        | ongoing                          | —                               |\n' +
    '| `W24`  | Independent security and architecture review                           | —     | CONTINUOUS        | ongoing                          | —                               |\n' +
    '| `W25`  | Documentation and traceability upkeep                                  | —     | CONTINUOUS        | ongoing                          | —                               |\n' +
    '\n' +
    'State meanings: `NOT_STARTED` no resolver in its lanes · `IN_PROGRESS` some\n' +
    'resolvers · `RESOLVERS_ONLY` every operation resolves but evidence is missing ·\n' +
    '`EVIDENCED_UNAPPROVED` evidence complete, reviewer missing · `APPROVED` gate\n' +
    'passed and approved · `NO_MACHINE_SIGNAL` nothing measurable until its gate runs.\n' +
    '\n' +
    'Where two workstreams split one lane (W5a and W5b both work in L3), each shows the\n' +
    "whole lane's figures: the inventory records a lane per operation, not a workstream.\n" +
    '\n' +
    '## Next\n' +
    '\n' +
    '- `W1` — Kernel and transport completion\n' +
    '- `W3` — Identity, roles, staff scopes, MFA, recovery, OTP/social\n' +
    '- `W4` — Platform configuration, maps and media REST\n' +
    '- `W5a` — Vendors, outlets, onboarding, publication, hours, media\n' +
    '\n' +
    '## Proceeding at risk\n' +
    '\n' +
    'These have started while a dependency gate is unapproved. That is allowed only as a\n' +
    'deliberate, recorded choice — it is listed here so it is never silent.\n' +
    '\n' +
    '- `W6` — Customers, addresses, favourites, support, privacy (waiting on W3)\n' +
    '- `W5b` — Catalog items, variations, addons, discovery, search, reviews, coupons (waiting on W3)\n' +
    '\n' +
    '## Blocked on external input\n' +
    '\n' +
    '- `W18` — Provider adapters and sandbox evidence: provider-credentials\n' +
    '- `W19` — Native device E2E for the three mobile apps: devices, signing-accounts\n' +
    '- `W20` — Hardening: security, advisories, load, restore, observability: slo-hosting-inputs\n' +
    '- `W21` — Single-vendor mode including its SDL, resolvers and admin app: owner-decision-D1\n' +
    '- `W22` — Release package and owner acceptance run: owner-approval\n' +
    '\n' +
    '## Lanes\n' +
    '\n' +
    '| Lane  | Name                           | Operations | Resolvers | Evidenced |\n' +
    '| ----- | ------------------------------ | ---------- | --------- | --------- |\n' +
    '| `L0`  | Platform kernel                | 1          | 1         | 0         |\n' +
    '| `L1`  | Identity & sessions            | 30         | 12        | 0         |\n' +
    '| `L2`  | Platform configuration         | 54         | 2         | 0         |\n' +
    '| `L3`  | Vendors, catalog & discovery   | 75         | 2         | 0         |\n' +
    '| `L4`  | Customers, addresses & support | 22         | 5         | 0         |\n' +
    '| `L5`  | Orders, pricing & lifecycle    | 24         | 0         | 0         |\n' +
    '| `L6`  | Dispatch, riders & tracking    | 32         | 0         | 0         |\n' +
    '| `L7`  | Finance & payments             |'... 2313 more characters
  
      at TestContext.<anonymous> (file:///Users/premkumarmamidi/Development/Fair/implementation/tools/generate-roadmap-status.test.mjs:109:10)
      at Test.runInAsyncScope (node:async_hooks:227:14)
      at Test.run (node:internal/test_runner/test:1397:25)
      at Test.processPendingSubtests (node:internal/test_runner/test:969:18)
      at Test.postRun (node:internal/test_runner/test:1537:19)
      at Test.run (node:internal/test_runner/test:1462:12)
      at async Test.processPendingSubtests (node:internal/test_runner/test:969:7) {
    generatedMessage: true,
    code: 'ERR_ASSERTION',
    actual: '# Roadmap status — generated\n\n<!-- Generated by tools/generate-roadmap-status.mjs. Do not edit by hand. -->\n\nRegenerate with `pnpm roadmap`; `pnpm roadmap:check` fails if this file is stale.\nPlan and intent live in [`ROADMAP.md`](./ROADMAP.md); this file is only what the\nrepository can prove.\n\n## Headline\n\n- **22/334** root operations have a real resolver\n  (159 queries, 164 mutations, 11 subscriptions in scope).\n- **0/334** operations have recorded evidence in `OPERATION_TEST_EVIDENCE.json`.\n- **0** roots have no SDL declaration.\n- Scoped multivendor compatibility: **PASS**\n  (531/531 documents valid).\n- Full six-app compatibility: **PASS**\n  (845/845 valid, 0 invalid, 0 unresolved).\n- Gates with an independent approval recorded: **3/7**.\n\n## Gates\n\n| Gate  | Last run        | Finished                 | Commit         | Approvals                       |\n| ----- | --------------- | ------------------------ | -------------- | ------------------------------- |\n| `GP0` | commands passed | 2026-10-09T17:23:06.917Z | `08a702b86aed` | lead, reviewer-QA, reviewer-SEC |\n| `G0`  | commands passed | 2026-10-10T12:07:42.353Z | `76d8fd2e9853` | lead, reviewer-QA               |\n| `G1`  | commands passed | 2026-10-10T12:22:50.370Z | `3c1afc290a00` | lead, reviewer-SEC              |\n| `G2`  | never run       | —                        | —              | **none** of 2 required          |\n| `G3`  | never run       | —                        | —              | **none** of 2 required          |\n| `G4`  | never run       | —                        | —              | **none** of 3 required          |\n| `G5`  | never run       | —                        | —              | **none** of 3 required          |\n\nA gate is closed only when its commands passed **and** every reviewer role it\ndeclares in `ROADMAP.json` is recorded. "commands passed" with no approval does\nnot close a batch, and a partial set of signatures does not either. Record one\nwith `pnpm approve-gate --gate <id> --role <role> --reviewer <identity>`; it\nrefuses self-approval and refuses a failing or dirty-tree run.\n\n## Workstreams\n\n| ID     | Workstream                                                             | Lanes | State             | Measured                         | Dependencies                    |\n| ------ | ---------------------------------------------------------------------- | ----- | ----------------- | -------------------------------- | ------------------------------- |\n| `W0`   | Baseline repair and gate instrumentation                               | —     | **APPROVED**      | GP0 approved                     | —                               |\n| `W1`   | Kernel and transport completion                                        | L0    | RESOLVERS_ONLY    | 1/1 resolvers · 0/1 evidenced    | —                               |\n| `W2`   | Contract and data-model freeze                                         | —     | **APPROVED**      | G1 approved                      | —                               |\n| `W3`   | Identity, roles, staff scopes, MFA, recovery, OTP/social               | L1    | IN_PROGRESS       | 12/30 resolvers · 0/30 evidenced | —                               |\n| `W4`   | Platform configuration, maps and media REST                            | L2    | IN_PROGRESS       | 2/54 resolvers · 0/54 evidenced  | —                               |\n| `W5a`  | Vendors, outlets, onboarding, publication, hours, media                | L3    | IN_PROGRESS       | 2/75 resolvers · 0/75 evidenced  | —                               |\n| `W6`   | Customers, addresses, favourites, support, privacy                     | L4    | IN_PROGRESS       | 5/22 resolvers · 0/22 evidenced  | waiting on W3                   |\n| `W5b`  | Catalog items, variations, addons, discovery, search, reviews, coupons | L3    | IN_PROGRESS       | 2/75 resolvers · 0/75 evidenced  | waiting on W3                   |\n| `W7`   | Cart, quotes, pricing policy versions, immutable orders, lifecycle     | L5    | NOT_STARTED       | 0/24 resolvers · 0/24 evidenced  | waiting on W6                   |\n| `W12`  | Customer web integration                                               | —     | NO_MACHINE_SIGNAL | no recorded gate run             | waiting on W3, W4, W6           |\n| `W13`  | Admin web and single-vendor admin integration                          | —     | NO_MACHINE_SIGNAL | no recorded gate run             | waiting on W3, W4, W5a          |\n| `W8`   | Dispatch, own fleet, rider state, tracking, chat, realtime             | L6    | NOT_STARTED       | 0/32 resolvers · 0/32 evidenced  | waiting on W7                   |\n| `W9`   | Payments, Stripe REST, ledger, refunds, payables, settlements          | L7    | NOT_STARTED       | 0/11 resolvers · 0/11 evidenced  | waiting on W7                   |\n| `W14a` | Customer mobile integration (Expo)                                     | —     | NO_MACHINE_SIGNAL | no recorded gate run             | waiting on W3, W6               |\n| `W14b` | Store mobile and rider mobile integration                              | —     | NO_MACHINE_SIGNAL | no recorded gate run             | waiting on W3, W5a, W8          |\n| `W10`  | Notifications, push/email/SMS ports, worker jobs, chat media           | L8    | NOT_STARTED       | 0/5 resolvers · 0/5 evidenced    | waiting on W8                   |\n| `W11`  | Dashboards, reports, analytics                                         | L9    | NOT_STARTED       | 0/9 resolvers · 0/9 evidenced    | waiting on W9, W7               |\n| `W15`  | Cross-lane journey suites replaying exact app documents                | —     | NO_MACHINE_SIGNAL | no recorded gate run             | waiting on W7, W8, W9, W10, W11 |\n| `W26`  | Server-side localization                                               | —     | NO_MACHINE_SIGNAL | no recorded gate run             | waiting on W4, W10              |\n| `W16`  | Playwright web E2E against the real stack                              | —     | NO_MACHINE_SIGNAL | no recorded gate run             | waiting on W12, W13, W15        |\n| `W17`  | Coverage closure                                                       | —     | NO_MACHINE_SIGNAL | no recorded gate run             | waiting on W15, W16             |\n| `W18`  | Provider adapters and sandbox evidence                                 | —     | NO_MACHINE_SIGNAL | no recorded gate run             | waiting on W9, W10              |\n| `W19`  | Native device E2E for the three mobile apps                            | —     | NO_MACHINE_SIGNAL | no recorded gate run             | waiting on W14a, W14b           |\n| `W20`  | Hardening: security, advisories, load, restore, observability          | —     | NO_MACHINE_SIGNAL | no recorded gate run             | waiting on W17                  |\n| `W21`  | Single-vendor mode including its SDL, resolvers and admin app          | L12   | NOT_STARTED       | 0/71 resolvers · 0/71 evidenced  | waiting on W16                  |\n| `W22`  | Release package and owner acceptance run                               | —     | NO_MACHINE_SIGNAL | no recorded gate run             | waiting on W18, W19, W20, W21   |\n| `W23`  | Independent QA review                                                  | —     | CONTINUOUS        | ongoing                          | —                               |\n| `W24`  | Independent security and architecture review                           | —     | CONTINUOUS        | ongoing                          | —                               |\n| `W25`  | Documentation and traceability upkeep                                  | —     | CONTINUOUS        | ongoing                          | —                               |\n\nState meanings: `NOT_STARTED` no resolver in its lanes · `IN_PROGRESS` some\nresolvers · `RESOLVERS_ONLY` every operation resolves but evidence is missing ·\n`EVIDENCED_UNAPPROVED` evidence complete, reviewer missing · `APPROVED` gate\npassed and approved · `NO_MACHINE_SIGNAL` nothing measurable until its gate runs.\n\nWhere two workstreams split one lane (W5a and W5b both work in L3), each shows the\nwhole lane\'s figures: the inventory records a lane per operation, not a workstream.\n\n## Next\n\n- `W1` — Kernel and transport completion\n- `W3` — Identity, roles, staff scopes, MFA, recovery, OTP/social\n- `W4` — Platform configuration, maps and media REST\n- `W5a` — Vendors, outlets, onboarding, publication, hours, media\n\n## Proceeding at risk\n\nThese have started while a dependency gate is unapproved. That is allowed only as a\ndeliberate, recorded choice — it is listed here so it is never silent.\n\n- `W6` — Customers, addresses, favourites, support, privacy (waiting on W3)\n- `W5b` — Catalog items, variations, addons, discovery, search, reviews, coupons (waiting on W3)\n\n## Blocked on external input\n\n- `W18` — Provider adapters and sandbox evidence: provider-credentials\n- `W19` — Native device E2E for the three mobile apps: devices, signing-accounts\n- `W20` — Hardening: security, advisories, load, restore, observability: slo-hosting-inputs\n- `W21` — Single-vendor mode including its SDL, resolvers and admin app: owner-decision-D1\n- `W22` — Release package and owner acceptance run: owner-approval\n\n## Lanes\n\n| Lane  | Name                           | Operations | Resolvers | Evidenced |\n| ----- | ------------------------------ | ---------- | --------- | --------- |\n| `L0`  | Platform kernel                | 1          | 1         | 0         |\n| `L1`  | Identity & sessions            | 30         | 12        | 0         |\n| `L2`  | Platform configuration         | 54         | 2         | 0         |\n| `L3`  | Vendors, catalog & discovery   | 75         | 2         | 0         |\n| `L4`  | Customers, addresses & support | 22         | 5         | 0         |\n| `L5`  | Orders, pricing & lifecycle    | 24         | 0         | 0         |\n| `L6`  | Dispatch, riders & tracking    | 32         | 0         | 0         |\n| `L7`  | Finance & payments             |'... 2313 more characters,
    expected: /\*\*23\/334\*\* root operations/,
    operator: 'match',
    diff: 'simple'
  }
B_exit=1

restored sha256 0cb1b01e9888b5f998c172eb7098e3c8982893d93fbb84a37e4ac62a962b7b45
RESTORE OK
