=== D5. live derived status vs committed generated status ===
live totals: {"operations":334,"implemented":23,"evidenced":0,"withoutSdl":0,"query":159,"mutation":164,"subscription":11}
live implemented keys: mutation.Deactivate, mutation.changePassword, mutation.createAddress, mutation.createUser, mutation.deleteAddress, mutation.deleteBulkAddresses, mutation.editAddress, mutation.emailExist, mutation.login, mutation.metricsGeneral, mutation.ownerLogin, mutation.phoneExist, mutation.refreshToken, mutation.restaurantLogin, mutation.riderLogin, mutation.selectAddress, query.configuration, query.hasOwnerPermission, query.ownerSession, query.profile, query.publicConfiguration, query.restaurant, query.restaurants

recorded line in docs/ROADMAP_STATUS.md:
11:- **22/334** root operations have a real resolver

=== D6. why the 2 roadmap tests fail (from A/B log) ===
1:=== A/B control: tools/generate-roadmap-status.test.mjs (T-026C pre-existing-failure claim) ===
5:docs/ROADMAP_STATUS.md is stale; regenerate with node tools/generate-roadmap-status.mjs
6:✖ roadmap status is current and internally consistent (199.723667ms)
24:test at tools/generate-roadmap-status.test.mjs:15:1
25:✖ roadmap status is current and internally consistent (199.723667ms)
26:  Error: Command failed: /Users/premkumarmamidi/.local/nodejs/bin/node tools/generate-roadmap-status.mjs --check
27:  docs/ROADMAP_STATUS.md is stale; regenerate with node tools/generate-roadmap-status.mjs
33:      at TestContext.<anonymous> (file:///Users/premkumarmamidi/Development/Fair/implementation/tools/generate-roadmap-status.test.mjs:16:3)
46:test at tools/generate-roadmap-status.test.mjs:106:1
48:  AssertionError [ERR_ASSERTION]: The input did not match the regular expression /\*\*23\/334\*\* root operations/. Input:
52:    '<!-- Generated by tools/generate-roadmap-status.mjs. Do not edit by hand. -->\n' +
54:    'Regenerate with `pnpm roadmap`; `pnpm roadmap:check` fails if this file is stale.\n' +
166:      at TestContext.<anonymous> (file:///Users/premkumarmamidi/Development/Fair/implementation/tools/generate-roadmap-status.test.mjs:109:10)
175:    actual: '# Roadmap status — generated\n\n<!-- Generated by tools/generate-roadmap-status.mjs. Do not edit by hand. -->\n\nRegenerate with `pnpm roadmap`; `pnpm roadmap:check` fails if this file is stale.\nPlan and intent live in [`ROADMAP.md`](./ROADMAP.md); this file is only what the\nrepository can prove.\n\n## Headline\n\n- **22/334** root operations have a real resolver\n  (159 queries, 164 mutations, 11 subscriptions in scope).\n- **0/334** operations have recorded evidence in `OPERATION_TEST_EVIDENCE.json`.\n- **0** roots have no SDL declaration.\n- Scoped multivendor compatibility: **PASS**\n  (531/531 documents valid).\n- Full six-app compatibility: **PASS**\n  (845/845 valid, 0 invalid, 0 unresolved).\n- Gates with an independent approval recorded: **3/7**.\n\n## Gates\n\n| Gate  | Last run        | Finished                 | Commit         | Approvals                       |\n| ----- | --------------- | ------------------------ | -------------- | ------------------------------- |\n| `GP0` | commands passed | 2026-10-09T17:23:06.917Z | `08a702b86aed` | lead, reviewer-QA, reviewer-SEC |\n| `G0`  | commands passed | 2026-10-10T12:07:42.353Z | `76d8fd2e9853` | lead, reviewer-QA               |\n| `G1`  | commands passed | 2026-10-10T12:22:50.370Z | `3c1afc290a00` | lead, reviewer-SEC              |\n| `G2`  | never run       | —                        | —              | **none** of 2 required          |\n| `G3`  | never run       | —                        | —              | **none** of 2 required          |\n| `G4`  | never run       | —                        | —              | **none** of 3 required          |\n| `G5`  | never run       | —                        | —              | **none** of 3 required          |\n\nA gate is closed only when its commands passed **and** every reviewer role it\ndeclares in `ROADMAP.json` is recorded. "commands passed" with no approval does\nnot close a batch, and a partial set of signatures does not either. Record one\nwith `pnpm approve-gate --gate <id> --role <role> --reviewer <identity>`; it\nrefuses self-approval and refuses a failing or dirty-tree run.\n\n## Workstreams\n\n| ID     | Workstream                                                             | Lanes | State             | Measured                         | Dependencies                    |\n| ------ | ---------------------------------------------------------------------- | ----- | ----------------- | -------------------------------- | ------------------------------- |\n| `W0`   | Baseline repair and gate instrumentation                               | —     | **APPROVED**      | GP0 approved                     | —                               |\n| `W1`   | Kernel and transport completion                                        | L0    | RESOLVERS_ONLY    | 1/1 resolvers · 0/1 evidenced    | —                               |\n| `W2`   | Contract and data-model freeze                                         | —     | **APPROVED**      | G1 approved                      | —                               |\n| `W3`   | Identity, roles, staff scopes, MFA, recovery, OTP/social               | L1    | IN_PROGRESS       | 12/30 resolvers · 0/30 evidenced | —                               |\n| `W4`   | Platform configuration, maps and media REST                            | L2    | IN_PROGRESS       | 2/54 resolvers · 0/54 evidenced  | —                               |\n| `W5a`  | Vendors, outlets, onboarding, publication, hours, media                | L3    | IN_PROGRESS       | 2/75 resolvers · 0/75 evidenced  | —                               |\n| `W6`   | Customers, addresses, favourites, support, privacy                     | L4    | IN_PROGRESS       | 5/22 resolvers · 0/22 evidenced  | waiting on W3                   |\n| `W5b`  | Catalog items, variations, addons, discovery, search, reviews, coupons | L3    | IN_PROGRESS       | 2/75 resolvers · 0/75 evidenced  | waiting on W3                   |\n| `W7`   | Cart, quotes, pricing policy versions, immutable orders, lifecycle     | L5    | NOT_STARTED       | 0/24 resolvers · 0/24 evidenced  | waiting on W6                   |\n| `W12`  | Customer web integration                                               | —     | NO_MACHINE_SIGNAL | no recorded gate run             | waiting on W3, W4, W6           |\n| `W13`  | Admin web and single-vendor admin integration                          | —     | NO_MACHINE_SIGNAL | no recorded gate run             | waiting on W3, W4, W5a          |\n| `W8`   | Dispatch, own fleet, rider state, tracking, chat, realtime             | L6    | NOT_STARTED       | 0/32 resolvers · 0/32 evidenced  | waiting on W7                   |\n| `W9`   | Payments, Stripe REST, ledger, refunds, payables, settlements          | L7    | NOT_STARTED       | 0/11 resolvers · 0/11 evidenced  | waiting on W7                   |\n| `W14a` | Customer mobile integration (Expo)                                     | —     | NO_MACHINE_SIGNAL | no recorded gate run             | waiting on W3, W6               |\n| `W14b` | Store mobile and rider mobile integration                              | —     | NO_MACHINE_SIGNAL | no recorded gate run             | waiting on W3, W5a, W8          |\n| `W10`  | Notifications, push/email/SMS ports, worker jobs, chat media           | L8    | NOT_STARTED       | 0/5 resolvers · 0/5 evidenced    | waiting on W8                   |\n| `W11`  | Dashboards, reports, analytics                                         | L9    | NOT_STARTED       | 0/9 resolvers · 0/9 evidenced    | waiting on W9, W7               |\n| `W15`  | Cross-lane journey suites replaying exact app documents                | —     | NO_MACHINE_SIGNAL | no recorded gate run             | waiting on W7, W8, W9, W10, W11 |\n| `W26`  | Server-side localization                                               | —     | NO_MACHINE_SIGNAL | no recorded gate run             | waiting on W4, W10              |\n| `W16`  | Playwright web E2E against the real stack                              | —     | NO_MACHINE_SIGNAL | no recorded gate run             | waiting on W12, W13, W15        |\n| `W17`  | Coverage closure                                                       | —     | NO_MACHINE_SIGNAL | no recorded gate run             | waiting on W15, W16             |\n| `W18`  | Provider adapters and sandbox evidence                                 | —     | NO_MACHINE_SIGNAL | no recorded gate run             | waiting on W9, W10              |\n| `W19`  | Native device E2E for the three mobile apps                            | —     | NO_MACHINE_SIGNAL | no recorded gate run             | waiting on W14a, W14b           |\n| `W20`  | Hardening: security, advisories, load, restore, observability          | —     | NO_MACHINE_SIGNAL | no recorded gate run             | waiting on W17                  |\n| `W21`  | Single-vendor mode including its SDL, resolvers and admin app          | L12   | NOT_STARTED       | 0/71 resolvers · 0/71 evidenced  | waiting on W16                  |\n| `W22`  | Release package and owner acceptance run                               | —     | NO_MACHINE_SIGNAL | no recorded gate run             | waiting on W18, W19, W20, W21   |\n| `W23`  | Independent QA review                                                  | —     | CONTINUOUS        | ongoing                          | —                               |\n| `W24`  | Independent security and architecture review                           | —     | CONTINUOUS        | ongoing                          | —                               |\n| `W25`  | Documentation and traceability upkeep                                  | —     | CONTINUOUS        | ongoing                          | —                               |\n\nState meanings: `NOT_STARTED` no resolver in its lanes · `IN_PROGRESS` some\nresolvers · `RESOLVERS_ONLY` every operation resolves but evidence is missing ·\n`EVIDENCED_UNAPPROVED` evidence complete, reviewer missing · `APPROVED` gate\npassed and approved · `NO_MACHINE_SIGNAL` nothing measurable until its gate runs.\n\nWhere two workstreams split one lane (W5a and W5b both work in L3), each shows the\nwhole lane\'s figures: the inventory records a lane per operation, not a workstream.\n\n## Next\n\n- `W1` — Kernel and transport completion\n- `W3` — Identity, roles, staff scopes, MFA, recovery, OTP/social\n- `W4` — Platform configuration, maps and media REST\n- `W5a` — Vendors, outlets, onboarding, publication, hours, media\n\n## Proceeding at risk\n\nThese have started while a dependency gate is unapproved. That is allowed only as a\ndeliberate, recorded choice — it is listed here so it is never silent.\n\n- `W6` — Customers, addresses, favourites, support, privacy (waiting on W3)\n- `W5b` — Catalog items, variations, addons, discovery, search, reviews, coupons (waiting on W3)\n\n## Blocked on external input\n\n- `W18` — Provider adapters and sandbox evidence: provider-credentials\n- `W19` — Native device E2E for the three mobile apps: devices, signing-accounts\n- `W20` — Hardening: security, advisories, load, restore, observability: slo-hosting-inputs\n- `W21` — Single-vendor mode including its SDL, resolvers and admin app: owner-decision-D1\n- `W22` — Release package and owner acceptance run: owner-approval\n\n## Lanes\n\n| Lane  | Name                           | Operations | Resolvers | Evidenced |\n| ----- | ------------------------------ | ---------- | --------- | --------- |\n| `L0`  | Platform kernel                | 1          | 1         | 0         |\n| `L1`  | Identity & sessions            | 30         | 12        | 0         |\n| `L2`  | Platform configuration         | 54         | 2         | 0         |\n| `L3`  | Vendors, catalog & discovery   | 75         | 2         | 0         |\n| `L4`  | Customers, addresses & support | 22         | 5         | 0         |\n| `L5`  | Orders, pricing & lifecycle    | 24         | 0         | 0         |\n| `L6`  | Dispatch, riders & tracking    | 32         | 0         | 0         |\n| `L7`  | Finance & payments             |'... 2313 more characters,
183:docs/ROADMAP_STATUS.md is stale; regenerate with node tools/generate-roadmap-status.mjs
184:✖ roadmap status is current and internally consistent (75.444667ms)
202:test at tools/generate-roadmap-status.test.mjs:15:1
203:✖ roadmap status is current and internally consistent (75.444667ms)
204:  Error: Command failed: /Users/premkumarmamidi/.local/nodejs/bin/node tools/generate-roadmap-status.mjs --check
205:  docs/ROADMAP_STATUS.md is stale; regenerate with node tools/generate-roadmap-status.mjs

=== D7. GATES.json G0/G1 records ===
G0 {
 "gate": "G0",
 "runs": [
  {
   "gate": "G0",
   "commit": "d257e7045698dba05b9c7cb624a9cd036a49ee2c",
   "dirty": false,
   "recordedBy": "lead-fairbite-agent",
   "startedAt": "2026-10-10T11:41:55.989Z",
   "finishedAt": "2026-10-10T11:42:14.149Z",
   "passed": true,
   "partial": false,
   "commands": [
    {
     "command": "pnpm e2e:smoke",
     "executed": "./tools/pnpm.sh e2e:smoke",
     "exitCode": 0,
     "durationMs": 18159,
     "startedAt": "2026-10-10T11:41:55.990Z",
     "outputTail": "talog/\n    └─ migration.sql\n  └─ 202610080004_addresses/\n    └─ migration.sql\n  └─ 2026
G1 {
 "gate": "G1",
 "runs": [
  {
   "gate": "G1",
   "commit": "ddd3f0218e2b912c3aa45c1104dcbde977bf1206",
   "dirty": false,
   "recordedBy": "w1-gate-audit",
   "startedAt": "2026-10-10T12:11:01.724Z",
   "finishedAt": "2026-10-10T12:13:18.270Z",
   "passed": true,
   "partial": false,
   "commands": [
    {
     "command": "pnpm check:enatega",
     "executed": "./tools/pnpm.sh check:enatega",
     "exitCode": 0,
     "durationMs": 1585,
     "startedAt": "2026-10-10T12:11:01.725Z",
     "outputTail": "\n> fairbite-fresh-workspace@ check:enatega /Users/premkumarmamidi/Development/Fair/implem

=== D8. cited commits exist ===
76d8fd2 -> 76d8fd2 docs(gates): keep the w1-gate-audit G0 run as history (superseded by the QA fixes)
ddd3f02 -> ddd3f02 docs(gates): close G0 with lead and independent QA approvals at 76d8fd2
3c1afc2 -> 3c1afc2 docs(gates): keep the ddd3f02 G1 run as history (superseded by the W24 F1 fix)
