=== D20. was docs/TASK_BOARD.md already prettier-dirty BEFORE the W25 claim commit 1ad6580? ===
before 1ad6580: prettier-clean

=== D21. prettier diff required for tools/lib/operation-state.test.mjs (new in 2bbddc4) ===
78c78
<         '  static example = \'@Query("inSingleQuotes")\';',
---
>         "  static example = '@Query(\"inSingleQuotes\")';",
122c122
<         '  @Query(ROOT_NAME)',
---
>         "  @Query(ROOT_NAME)",

=== D22. prettier diff required for docs/TASK_BOARD.md (HEAD) ===
36,46c36,46
< | Task  | Workstream | Subject                                                                                 | Owner        | Started    | Acceptance                                                      | Reviewer |
< | ----- | ---------- | --------------------------------------------------------------------------------------- | ------------ | ---------- | --------------------------------------------------------------- | -------- |
< | T-003 | W7         | Complete `14-lane-L5-orders.PARTIAL.md` against `_lane-plan-brief.md`.                  | agent-l5     | 2026-10-09 | lead review of the completed plan                               | lead     |
< | T-004 | W8         | Complete `15-lane-L6-dispatch.PARTIAL.md` against `_lane-plan-brief.md`.                | agent-l6     | 2026-10-09 | lead review of the completed plan                               | lead     |
< | T-005 | W9         | Complete `16-lane-L7-finance.PARTIAL.md` against `_lane-plan-brief.md`.                 | agent-l7     | 2026-10-09 | lead review of the completed plan                               | lead     |
< | T-006 | W10        | Complete `17-lane-L8-notifications.PARTIAL.md` against `_lane-plan-brief.md`.           | agent-l8     | 2026-10-09 | lead review of the completed plan                               | lead     |
< | T-007 | W21        | Complete `22-wave5-single-vendor.PARTIAL.md` and correct its L12 inventory.             | agent-l12    | 2026-10-09 | lead review; `pnpm roadmap:check`                               | lead     |
< | T-008 | W12        | Audit and integrate the pinned customer-web package without presentation changes.       | agent-fe-web | 2026-10-09 | package lint/typecheck and evidence under `docs/artifacts/w12/` | W24      |
< | T-019 | W3         | Continue L1 identity implementation (8/30 resolvers) per `10-lane-L1-identity.md`.      | lead         | 2026-10-10 | scoped unit + typecheck green; integration run serially by lead | W23      |
< | T-020 | W4         | Continue L2 platform configuration + maps/media REST per `11-lane-L2-configuration.md`. | lead         | 2026-10-10 | scoped unit + typecheck green; integration run serially by lead | W23      |
< | T-021 | W5a        | Continue L3 vendors/outlets implementation per `12-lane-L3-catalog.md` (vendors half).  | lead         | 2026-10-10 | scoped unit + typecheck green; integration run serially by lead | W23      |
---
> | Task  | Workstream | Subject                                                                                                                                             | Owner        | Started    | Acceptance                                                                                 | Reviewer |
> | ----- | ---------- | --------------------------------------------------------------------------------------------------------------------------------------------------- | ------------ | ---------- | ------------------------------------------------------------------------------------------ | -------- |
