=== delta scope hygiene for 0defd61 and 88c075b ===
--- 88c075b ---
implementation/docs/artifacts/w25/t026/state/EVIDENCE.md
implementation/docs/artifacts/w25/t026/state/GATE_DECISION.md
implementation/docs/artifacts/w25/t026/state/equivalence-post-review.txt
implementation/tools/lib/operation-state.mjs
implementation/tools/lib/operation-state.test.mjs
W3-lane paths in 88c075b:
  (none)
--- 0defd61 ---
implementation/docs/artifacts/w25/t026/smoke/README.md
implementation/docs/artifacts/w25/t026/smoke/a1-credential-vector-demo.log
implementation/docs/artifacts/w25/t026/smoke/a1-injection-vector.log
implementation/docs/artifacts/w25/t026/smoke/a1-poison-fatal-to-config.log
implementation/docs/artifacts/w25/t026/smoke/a2-fingerprint-proof.log
implementation/docs/artifacts/w25/t026/smoke/code-state-a1-a2.sha256
implementation/docs/artifacts/w25/t026/smoke/compare-fingerprints.mjs
implementation/docs/artifacts/w25/t026/smoke/run-acceptance-a1-a2.sh
implementation/docs/artifacts/w25/t026/smoke/run1-normal-artifact.json
implementation/docs/artifacts/w25/t026/smoke/run1-normal.log
implementation/docs/artifacts/w25/t026/smoke/run2-normal-artifact.json
implementation/docs/artifacts/w25/t026/smoke/run2-normal.log
implementation/docs/artifacts/w25/t026/smoke/run3-poisoned-artifact.json
implementation/docs/artifacts/w25/t026/smoke/run3-poisoned-probe.jsonl
implementation/docs/artifacts/w25/t026/smoke/run3-poisoned.log
implementation/docs/artifacts/w25/t026/smoke/tdd-4-green-a1-a2.log
implementation/e2e/smoke/environment.mjs
implementation/e2e/smoke/environment.test.mjs
implementation/e2e/smoke/fixtures/child-env-probe.cjs
implementation/e2e/smoke/run.mjs
W3-lane paths in 0defd61:
  (none)

=== reviewed files dirty vs their commit? ===
e2e/smoke/environment.mjs: clean
e2e/smoke/environment.test.mjs: clean
e2e/smoke/run.mjs: clean
e2e/smoke/fixtures/child-env-probe.cjs: clean
tools/lib/operation-state.mjs: clean
tools/lib/operation-state.test.mjs: clean

=== current index/staged ===
